// Jest Snapshot v1, https://goo.gl/fbAQLP

exports[`Shopping List component should match snapshot 1`] = `
<ul class="shopping-list">
  <li class="done">
    Beer
    <button>Done</button></li>
  <li class="">
    Milk
    <button>Done</button></li>
  <li class="">
    Apple
    <button>Done</button></li>
</ul>
`;

exports[`Shopping List component should match snapshot 2`] = `
<ul class="shopping-list">
  <li class="done">
    Beer
    <button>Done</button></li>
  <li class="done">
    Milk
    <button>Done</button></li>
  <li class="">
    Apple
    <button>Done</button></li>
</ul>
`;
